// Jest Snapshot v1, https://goo.gl/fbAQLP

exports[`HeaderShort Component should render correctly: btn-return 1`] = `
{
  "bottom": 28,
  "left": 24,
  "opacity": 1,
  "position": "absolute",
}
`;
